// Jest Snapshot v1, https://goo.gl/fbAQLP

exports[`Component should show 'red' text 'Hello World' 1`] = `
<div
  className="color-text well"
>
  Hello 
  World
</div>
`;
